/usr/sbin/mysqld, Version: 8.0.39 (MySQL Community Server - GPL). started with:
Tcp port: 3306  Unix socket: /var/run/mysqld/mysqld.sock
Time                 Id Command    Argument
2026-10-02T17:16:30.000000Z	   41 Connect	root@localhost on  using Socket
2026-10-02T17:16:30.000000Z	   41 Query	select @@version_comment limit 1
2026-10-02T17:16:30.000000Z	   41 Query	show databases
2026-10-02T17:16:30.000000Z	   41 Quit	
2026-10-02T17:18:16.000000Z	   42 Connect	root@localhost on  using Socket
2026-10-02T17:18:16.000000Z	   42 Query	/*!40100 SET @@SQL_MODE='' */
2026-10-02T17:18:16.000000Z	   42 Query	/*!40103 SET TIME_ZONE='+00:00' */
2026-10-02T17:18:16.000000Z	   42 Query	SET SESSION TRANSACTION ISOLATION LEVEL REPEATABLE READ
2026-10-02T17:18:16.000000Z	   42 Query	START TRANSACTION /*!40100 WITH CONSISTENT SNAPSHOT */
2026-10-02T17:18:17.000000Z	   42 Init DB	wordpress
2026-10-02T17:18:17.000000Z	   42 Query	SHOW CREATE TABLE `wp_options`
2026-10-02T17:18:17.000000Z	   42 Query	SELECT /*!40001 SQL_NO_CACHE */ * FROM `wp_options`
2026-10-02T17:18:33.000000Z	   42 Query	SHOW CREATE TABLE `wp_posts`
2026-10-02T17:18:33.000000Z	   42 Query	SELECT /*!40001 SQL_NO_CACHE */ * FROM `wp_posts`
2026-10-02T17:18:47.000000Z	   42 Query	SHOW CREATE TABLE `wp_users`
2026-10-02T17:18:47.000000Z	   42 Query	SELECT /*!40001 SQL_NO_CACHE */ * FROM `wp_users`
2026-10-02T17:18:59.000000Z	   42 Query	SHOW CREATE TABLE `wp_usermeta`
2026-10-02T17:18:59.000000Z	   42 Query	SELECT /*!40001 SQL_NO_CACHE */ * FROM `wp_usermeta`
2026-10-02T17:19:29.000000Z	   42 Query	SHOW CREATE TABLE `wp_comments`
2026-10-02T17:19:29.000000Z	   42 Query	SELECT /*!40001 SQL_NO_CACHE */ * FROM `wp_comments`
2026-10-02T17:19:39.000000Z	   42 Init DB	shop
2026-10-02T17:19:39.000000Z	   42 Query	SHOW CREATE TABLE `customers`
2026-10-02T17:19:39.000000Z	   42 Query	SELECT /*!40001 SQL_NO_CACHE */ * FROM `customers`
2026-10-02T17:20:06.000000Z	   42 Query	SHOW CREATE TABLE `orders`
2026-10-02T17:20:06.000000Z	   42 Query	SELECT /*!40001 SQL_NO_CACHE */ * FROM `orders`
2026-10-02T17:20:35.000000Z	   42 Query	SHOW CREATE TABLE `payments`
2026-10-02T17:20:35.000000Z	   42 Query	SELECT /*!40001 SQL_NO_CACHE */ * FROM `payments`
2026-10-02T17:20:47.000000Z	   42 Query	SHOW CREATE TABLE `coupons`
2026-10-02T17:20:47.000000Z	   42 Query	SELECT /*!40001 SQL_NO_CACHE */ * FROM `coupons`
2026-10-02T17:20:54.000000Z	   42 Quit	
2026-10-02T17:35:00.000000Z	   43 Connect	wp@localhost on wordpress using TCP/IP
2026-10-02T17:35:00.000000Z	   43 Query	SELECT option_value FROM wp_options WHERE autoload = 'yes'
2026-10-02T17:35:00.000000Z	   43 Quit	
